This file contains any messages produced by compilers while
running configure, to aid debugging if configure makes a mistake.

It was created by pa configure 1.2.1, which was
generated by GNU Autoconf 2.73.  Invocation command line was

  $ ./configure --prefix=/home/cristof/PALibrary

## --------- ##
## Platform. ##
## --------- ##

hostname = localhost.localdomain
uname -m = x86_64
uname -r = 6.19.12-1-default
uname -s = Linux
uname -v = #1 SMP PREEMPT_DYNAMIC Sun Apr 12 17:36:53 UTC 2026 (c7234f7)

/usr/bin/uname -p = x86_64
/bin/uname -X     = unknown

/bin/arch              = x86_64
/usr/bin/arch -k       = unknown
/usr/convex/getsysinfo = unknown
/usr/bin/hostinfo      = unknown
/bin/machine           = unknown
/usr/bin/oslevel       = unknown
/bin/universe          = unknown

PATH: /home/cristof/.local/bin/
PATH: /usr/local/bin/
PATH: /usr/bin/
PATH: /bin/


## ----------- ##
## Core tests. ##
## ----------- ##

configure:1956: loading site script /usr/share/site/x86_64-pc-linux-gnu
| #!/bin/sh
| # Site script for configure. It is resourced via $CONFIG_SITE environment varaible.
| 
| # If user did not specify libdir, guess the correct target:
| # Use lib64 for 64 bit bi-arch targets, keep the default for the rest.
| if test "$libdir" = '${exec_prefix}/lib' ; then
| 
| 	ac_config_site_64bit_host=NONE
| 
| 	case "$host" in
| 	"" )
| 		# User did not specify host target.
| 		# The native platform x86_64 is a bi-arch platform.
| 		# Try to detect cross-compilation to inferior architecture.
| 
| 		# We are trying to guess 32-bit target compilation. It's not as easy as
| 		# it sounds, as there is possible several intermediate combinations.
| 		ac_config_site_cross_to_32bit_host=NONE
| 
| 		# User defined -m32 in CFLAGS or CXXFLAGS or CC or CXX:
| 		# (It's sufficient for 32-bit, but alone may cause mis-behavior of some checks.)
| 		case "$CFLAGS $CXXFLAGS $CC $CXX" in
| 		*-m32*)
| 			ac_config_site_cross_to_32bit_host=YES
| 			;;
| 		esac
| 
| 		# Running with linux32:
| 		# (Changes detected platform, but not the toolchain target.)
| 		case "`/bin/uname -i`" in
| 		x86_64 | ppc64 | s390x | aarch64 )
| 			;;
| 		* )
| 			ac_config_site_cross_to_32bit_host=YES
| 			;;
| 		esac
| 
| 		if test "x$ac_config_site_cross_to_32bit_host" = xNONE; then
| 			ac_config_site_64bit_host=YES
| 		fi
| 
| 		;;
| 	*x86_64* | *ppc64* | *s390x* | *aarch64* )
| 		ac_config_site_64bit_host=YES
| 		;;
| 	esac
| 
| 	if test "x$ac_config_site_64bit_host" = xYES; then
| 		case "$OUT_DIR" in
| 		# rust cargo hardcodes $OUT_DIR/lib
| 		*cargo* )
| 			;;
| 		* )
| 			libdir='${exec_prefix}/lib64'
| 			;;
| 		esac
| 	fi
| fi
| 
| # Continue with the standard behavior of configure defined in AC_SITE_LOAD:
| if test "x$prefix" != xNONE; then
| 	ac_site_files="$prefix/share/config.site $prefix/etc/config.site"
| else
| 	ac_site_files="$ac_default_prefix/share/config.site $ac_default_prefix/etc/config.site"
| fi
| 
| for ac_site_file in $ac_site_files
| do
| 	case $ac_site_file in #(
| 	*/*) :
| 		 ;; #(
| 	*) :
| 		ac_site_file=./$ac_site_file ;;
| esac
| 	if test -f "$ac_site_file" && test -r "$ac_site_file"; then
| 		{ printf '%s\n' "/usr/share/site/x86_64-pc-linux-gnu:${as_lineno-$LINENO}: loading site script $ac_site_file" >&5
| printf '%s\n' "/usr/share/site/x86_64-pc-linux-gnu: loading site script $ac_site_file" >&6;}
| 		sed 's/^/| /' "$ac_site_file" >&5
| 		. "$ac_site_file" \
| 			|| { { printf '%s\n' "/usr/share/site/x86_64-pc-linux-gnu:${as_lineno-$LINENO}: error: in '$ac_pwd':" >&5
| printf '%s\n' "/usr/share/site/x86_64-pc-linux-gnu: error: in '$ac_pwd':" >&2;}
| as_fn_error $? "failed to load site script $ac_site_file
| See 'config.log' for more details" "$LINENO" 5; }
| 	fi
| done
configure:2425: looking for aux files: missing install-sh compile
configure:2438:  trying ./
configure:2467:   ./missing found
configure:2449:   ./install-sh found
configure:2467:   ./compile found
configure:2677: checking for gcc
configure:2698: found /usr/bin/gcc
configure:2710: result: gcc
configure:2741: checking for C compiler version
configure:2750: gcc --version >&5
gcc (SUSE Linux) 15.2.1 20260202
Copyright (C) 2025 Free Software Foundation, Inc.
This is free software; see the source for copying conditions.  There is NO
warranty; not even for MERCHANTABILITY or FITNESS FOR A PARTICULAR PURPOSE.

configure:2761: $? = 0
configure:2750: gcc -v >&5
Using built-in specs.
COLLECT_GCC=gcc
COLLECT_LTO_WRAPPER=/usr/lib64/gcc/x86_64-suse-linux/15/lto-wrapper
OFFLOAD_TARGET_NAMES=nvptx-none:amdgcn-amdhsa
OFFLOAD_TARGET_DEFAULT=1
Target: x86_64-suse-linux
Configured with: ../configure CFLAGS=' -fcf-protection -O2 -funwind-tables -fasynchronous-unwind-tables -fstack-clash-protection -Werror=return-type -g' CXXFLAGS=' -fcf-protection -O2 -funwind-tables -fasynchronous-unwind-tables -fstack-clash-protection -Werror=return-type -g' XCFLAGS=' -fcf-protection -O2 -funwind-tables -fasynchronous-unwind-tables -fstack-clash-protection -Werror=return-type -g' TCFLAGS=' -fcf-protection -O2 -funwind-tables -fasynchronous-unwind-tables -fstack-clash-protection -Werror=return-type -g' GDCFLAGS=' -fcf-protection -O2 -funwind-tables -fasynchronous-unwind-tables -fstack-clash-protection -g' --prefix=/usr --infodir=/usr/share/info --mandir=/usr/share/man --libdir=/usr/lib64 --libexecdir=/usr/lib64 --enable-languages=c,c++,objc,fortran,obj-c++,ada,go,d,jit,m2,cobol --enable-offload-targets=nvptx-none,amdgcn-amdhsa, --enable-offload-defaulted --without-cuda-driver --enable-host-shared --enable-checking=release --disable-werror --with-gxx-include-dir=/usr/include/c++/15 --with-libstdcxx-zoneinfo=/usr/share/zoneinfo --enable-ssp --disable-libssp --disable-libvtv --enable-cet=auto --disable-libcc1 --enable-plugin --with-bugurl=https://bugs.opensuse.org/ --with-pkgversion='SUSE Linux' --with-slibdir=/lib64 --with-system-zlib --enable-libstdcxx-allocator=new --disable-libstdcxx-pch --enable-libphobos --enable-version-specific-runtime-libs --with-gcc-major-version-only --enable-linker-build-id --enable-linux-futex --enable-gnu-indirect-function --program-suffix=-15 --without-system-libunwind --enable-multilib --with-arch-32=x86-64 --with-tune=generic --with-build-config=bootstrap-lto-lean --enable-link-serialization --build=x86_64-suse-linux --host=x86_64-suse-linux
Thread model: posix
Supported LTO compression algorithms: zlib zstd
gcc version 15.2.1 20260202 (SUSE Linux) 
... rest of stderr output deleted ...
configure:2761: $? = 0
configure:2750: gcc -V >&5
gcc: error: unrecognized command-line option '-V'
gcc: fatal error: no input files
compilation terminated.
configure:2761: $? = 1
configure:2750: gcc -qversion >&5
gcc: error: unrecognized command-line option '-qversion'; did you mean '--version'?
gcc: fatal error: no input files
compilation terminated.
configure:2761: $? = 1
configure:2750: gcc -version >&5
gcc: error: unrecognized command-line option '-version'
gcc: fatal error: no input files
compilation terminated.
configure:2761: $? = 1
configure:2781: checking whether the C compiler works
configure:2803: gcc    conftest.c  >&5
configure:2807: $? = 0
configure:2858: result: yes
configure:2862: checking for C compiler default output file name
configure:2864: result: a.out
configure:2870: checking for suffix of executables
configure:2877: gcc -o conftest    conftest.c  >&5
configure:2881: $? = 0
configure:2905: result: 
configure:2929: checking whether we are cross compiling
configure:2937: gcc -o conftest    conftest.c  >&5
configure:2941: $? = 0
configure:2948: ./conftest
configure:2952: $? = 0
configure:2967: result: no
configure:2973: checking for suffix of object files
configure:2996: gcc -c   conftest.c >&5
configure:3000: $? = 0
configure:3024: result: o
configure:3028: checking whether the compiler supports GNU C
configure:3048: gcc -c   conftest.c >&5
configure:3048: $? = 0
configure:3060: result: yes
configure:3071: checking whether gcc accepts -g
configure:3092: gcc -c -g  conftest.c >&5
configure:3092: $? = 0
configure:3139: result: yes
configure:3159: checking for gcc option to enable C23 features
configure:3174: gcc  -c -g -O2  conftest.c >&5
configure:3174: $? = 0
configure:3193: result: none needed
configure:3371: checking whether gcc understands -c and -o together
configure:3394: gcc -c conftest.c -o conftest2.o
configure:3397: $? = 0
configure:3394: gcc -c conftest.c -o conftest2.o
configure:3397: $? = 0
configure:3413: result: yes
configure:3435: checking for stdio.h
configure:3435: gcc -c -g -O2  conftest.c >&5
configure:3435: $? = 0
configure:3435: result: yes
configure:3435: checking for stdlib.h
configure:3435: gcc -c -g -O2  conftest.c >&5
configure:3435: $? = 0
configure:3435: result: yes
configure:3435: checking for string.h
configure:3435: gcc -c -g -O2  conftest.c >&5
configure:3435: $? = 0
configure:3435: result: yes
configure:3435: checking for inttypes.h
configure:3435: gcc -c -g -O2  conftest.c >&5
configure:3435: $? = 0
configure:3435: result: yes
configure:3435: checking for stdint.h
configure:3435: gcc -c -g -O2  conftest.c >&5
configure:3435: $? = 0
configure:3435: result: yes
configure:3435: checking for strings.h
configure:3435: gcc -c -g -O2  conftest.c >&5
configure:3435: $? = 0
configure:3435: result: yes
configure:3435: checking for sys/stat.h
configure:3435: gcc -c -g -O2  conftest.c >&5
configure:3435: $? = 0
configure:3435: result: yes
configure:3435: checking for sys/types.h
configure:3435: gcc -c -g -O2  conftest.c >&5
configure:3435: $? = 0
configure:3435: result: yes
configure:3435: checking for unistd.h
configure:3435: gcc -c -g -O2  conftest.c >&5
configure:3435: $? = 0
configure:3435: result: yes
configure:3460: checking for int32_t
configure:3460: gcc -c -g -O2  conftest.c >&5
configure:3460: $? = 0
configure:3460: gcc -c -g -O2  conftest.c >&5
conftest.c: In function 'main':
conftest.c:52:67: warning: integer overflow in expression of type 'int' results in '-2147483648' [-Woverflow]
   52 |                  < (int32_t) (((((int32_t) 1 << N) << N) - 1) * 2 + 2))];
      |                                                                   ^
conftest.c:51:12: error: storage size of 'test_array' isn't constant
   51 | static int test_array [1 - 2 * !((int32_t) (((((int32_t) 1 << N) << N) - 1) * 2 + 1)
      |            ^~~~~~~~~~
configure:3460: $? = 1
configure: failed program was:
| /* confdefs.h */
| #define PACKAGE_NAME "pa"
| #define PACKAGE_TARNAME "pa"
| #define PACKAGE_VERSION "1.2.1"
| #define PACKAGE_STRING "pa 1.2.1"
| #define PACKAGE_BUGREPORT ""
| #define PACKAGE_URL ""
| #define HAVE_STDIO_H 1
| #define HAVE_STDLIB_H 1
| #define HAVE_STRING_H 1
| #define HAVE_INTTYPES_H 1
| #define HAVE_STDINT_H 1
| #define HAVE_STRINGS_H 1
| #define HAVE_SYS_STAT_H 1
| #define HAVE_SYS_TYPES_H 1
| #define HAVE_UNISTD_H 1
| #define STDC_HEADERS 1
| /* end confdefs.h.  */
| #include <stddef.h>
| #ifdef HAVE_STDIO_H
| # include <stdio.h>
| #endif
| #ifdef HAVE_STDLIB_H
| # include <stdlib.h>
| #endif
| #ifdef HAVE_STRING_H
| # include <string.h>
| #endif
| #ifdef HAVE_INTTYPES_H
| # include <inttypes.h>
| #endif
| #ifdef HAVE_STDINT_H
| # include <stdint.h>
| #endif
| #ifdef HAVE_STRINGS_H
| # include <strings.h>
| #endif
| #ifdef HAVE_SYS_TYPES_H
| # include <sys/types.h>
| #endif
| #ifdef HAVE_SYS_STAT_H
| # include <sys/stat.h>
| #endif
| #ifdef HAVE_UNISTD_H
| # include <unistd.h>
| #endif
| 	        enum { N = 32 / 2 - 1 };
| int
| main (void)
| {
| static int test_array [1 - 2 * !((int32_t) (((((int32_t) 1 << N) << N) - 1) * 2 + 1)
| 		 < (int32_t) (((((int32_t) 1 << N) << N) - 1) * 2 + 2))];
| test_array [0] = 0;
| return test_array [0];
| 
|   ;
|   return 0;
| }
configure:3460: result: yes
configure:3469: checking for uint32_t
configure:3469: gcc -c -g -O2  conftest.c >&5
configure:3469: $? = 0
configure:3469: result: yes
configure:3522: checking for a BSD-compatible install
configure:3596: result: /usr/bin/install -c
configure:3607: checking whether sleep supports fractional seconds
configure:3623: result: yes
configure:3626: checking filesystem timestamp resolution
configure:3761: result: 0.01
configure:3766: checking whether build environment is sane
configure:3811: result: yes
configure:3978: checking for a race-free mkdir -p
configure:4021: result: /usr/bin/mkdir -p
configure:4028: checking for gawk
configure:4049: found /usr/bin/gawk
configure:4061: result: gawk
configure:4072: checking whether make sets $(MAKE)
configure:4096: result: yes
configure:4118: checking whether make supports the include directive
configure:4133: make -f confmf.GNU && cat confinc.out
this is the am__doit target
configure:4136: $? = 0
configure:4155: result: yes (GNU style)
configure:4186: checking whether make supports nested variables
configure:4205: result: yes
configure:4219: checking xargs -n works
configure:4235: result: yes
configure:4320: checking whether UID '1000' is supported by ustar format
configure:4326: result: yes
configure:4333: checking whether GID '1000' is supported by ustar format
configure:4339: result: yes
configure:4347: checking how to create a ustar tar archive
configure:4358: tar --version
tar (GNU tar) 1.35
Copyright (C) 2023 Free Software Foundation, Inc.
License GPLv3+: GNU GPL version 3 or later <https://gnu.org/licenses/gpl.html>.
This is free software: you are free to change and redistribute it.
There is NO WARRANTY, to the extent permitted by law.

Written by John Gilmore and Jay Fenlason.
configure:4361: $? = 0
configure:4401: tardir=conftest.dir && eval tar --format=ustar -chf - "$tardir" >conftest.tar
configure:4404: $? = 0
configure:4408: tar -xf - <conftest.tar
configure:4411: $? = 0
configure:4413: cat conftest.dir/file
GrepMe
configure:4416: $? = 0
configure:4431: result: gnutar
configure:4440: checking dependency style of gcc
configure:4553: result: none
configure:4659: checking that generated files are newer than configure
configure:4665: result: done
configure:4708: creating ./config.status

## ---------------------- ##
## Running config.status. ##
## ---------------------- ##

This file was extended by pa config.status 1.2.1, which was
generated by GNU Autoconf 2.73.  Invocation command line was

  CONFIG_FILES    = 
  CONFIG_HEADERS  = 
  CONFIG_LINKS    = 
  CONFIG_COMMANDS = 
  $ ./config.status 

on localhost.localdomain

config.status:840: creating Makefile
config.status:840: creating conf.h
config.status:1021: conf.h is unchanged
config.status:1069: executing depfiles commands

## ---------------- ##
## Cache variables. ##
## ---------------- ##

ac_cv_c_compiler_gnu=yes
ac_cv_c_int32_t=yes
ac_cv_c_uint32_t=yes
ac_cv_env_CC_set=
ac_cv_env_CC_value=
ac_cv_env_CFLAGS_set=
ac_cv_env_CFLAGS_value=
ac_cv_env_CPPFLAGS_set=
ac_cv_env_CPPFLAGS_value=
ac_cv_env_LDFLAGS_set=
ac_cv_env_LDFLAGS_value=
ac_cv_env_LIBS_set=
ac_cv_env_LIBS_value=
ac_cv_env_build_alias_set=
ac_cv_env_build_alias_value=
ac_cv_env_host_alias_set=
ac_cv_env_host_alias_value=
ac_cv_env_target_alias_set=
ac_cv_env_target_alias_value=
ac_cv_header_inttypes_h=yes
ac_cv_header_stdint_h=yes
ac_cv_header_stdio_h=yes
ac_cv_header_stdlib_h=yes
ac_cv_header_string_h=yes
ac_cv_header_strings_h=yes
ac_cv_header_sys_stat_h=yes
ac_cv_header_sys_types_h=yes
ac_cv_header_unistd_h=yes
ac_cv_objext=o
ac_cv_path_install='/usr/bin/install -c'
ac_cv_path_mkdir=/usr/bin/mkdir
ac_cv_prog_AWK=gawk
ac_cv_prog_ac_ct_CC=gcc
ac_cv_prog_cc_c23=
ac_cv_prog_cc_g=yes
ac_cv_prog_cc_stdc=
ac_cv_prog_make_make_set=yes
am_cv_CC_dependencies_compiler_type=none
am_cv_filesystem_timestamp_resolution=0.01
am_cv_make_support_nested_variables=yes
am_cv_prog_cc_c_o=yes
am_cv_prog_tar_ustar=gnutar
am_cv_sleep_fractional_seconds=yes
am_cv_xargs_n_works=yes

## ----------------- ##
## Output variables. ##
## ----------------- ##

ACLOCAL='${SHELL} '\''/home/cristof/PALibrary/missing'\'' aclocal-1.18'
AMDEPBACKSLASH='\'
AMDEP_FALSE='#'
AMDEP_TRUE=''
AMTAR='$${TAR-tar}'
AM_BACKSLASH='\'
AM_DEFAULT_V='$(AM_DEFAULT_VERBOSITY)'
AM_DEFAULT_VERBOSITY='1'
AM_V='$(V)'
AUTOCONF='${SHELL} '\''/home/cristof/PALibrary/missing'\'' autoconf'
AUTOHEADER='${SHELL} '\''/home/cristof/PALibrary/missing'\'' autoheader'
AUTOMAKE='${SHELL} '\''/home/cristof/PALibrary/missing'\'' automake-1.18'
AWK='gawk'
CC='gcc'
CCDEPMODE='depmode=none'
CFLAGS='-g -O2'
CPPFLAGS=''
CSCOPE='cscope'
CTAGS='ctags'
CYGPATH_W='echo'
DEFS='-DHAVE_CONFIG_H'
DEPDIR='.deps'
ECHO_C=''
ECHO_N='-n'
ECHO_T=''
ETAGS='etags'
EXEEXT=''
INSTALL_DATA='${INSTALL} -m 644'
INSTALL_PROGRAM='${INSTALL}'
INSTALL_SCRIPT='${INSTALL}'
INSTALL_STRIP_PROGRAM='$(install_sh) -c -s'
LDFLAGS=''
LIBOBJS=''
LIBS=''
LTLIBOBJS=''
MAKEINFO='${SHELL} '\''/home/cristof/PALibrary/missing'\'' makeinfo'
MKDIR_P='/usr/bin/mkdir -p'
OBJEXT='o'
PACKAGE='pa'
PACKAGE_BUGREPORT=''
PACKAGE_NAME='pa'
PACKAGE_STRING='pa 1.2.1'
PACKAGE_TARNAME='pa'
PACKAGE_URL=''
PACKAGE_VERSION='1.2.1'
PATH_SEPARATOR=':'
SET_MAKE=''
SHELL='/bin/sh'
STRIP=''
VERSION='1.2.1'
ac_ct_CC='gcc'
am__EXEEXT_FALSE=''
am__EXEEXT_TRUE='#'
am__fastdepCC_FALSE=''
am__fastdepCC_TRUE='#'
am__include='include'
am__isrc=''
am__leading_dot='.'
am__nodep='_no'
am__quote=''
am__rm_f_notfound=''
am__tar='tar --format=ustar -chf - "$$tardir"'
am__untar='tar -xf -'
am__xargs_n='xargs -n'
bindir='${exec_prefix}/bin'
build_alias=''
datadir='${datarootdir}'
datarootdir='${prefix}/share'
docdir='${datarootdir}/doc/${PACKAGE_TARNAME}'
dvidir='${docdir}'
exec_prefix='${prefix}'
host_alias=''
htmldir='${docdir}'
includedir='${prefix}/include'
infodir='${datarootdir}/info'
install_sh='${SHELL} /home/cristof/PALibrary/install-sh'
libdir='${exec_prefix}/lib64'
libexecdir='${exec_prefix}/libexec'
lispdir=''
localedir='${datarootdir}/locale'
localstatedir='${prefix}/var'
mandir='${datarootdir}/man'
mkdir_p='$(MKDIR_P)'
musl_version=''
oldincludedir='/usr/include'
olincludedir=''
pdfdir='${docdir}'
prefix='/home/cristof/PALibrary'
program_transform_name='s,x,x,'
psdir='${docdir}'
runstatedir='${localstatedir}/run'
sbindir='${exec_prefix}/sbin'
sharedstatedir='${prefix}/com'
srcdir='.'
sysconfdir='${prefix}/etc'
target_alias=''

## ----------- ##
## confdefs.h. ##
## ----------- ##

/* confdefs.h */
#define PACKAGE_NAME "pa"
#define PACKAGE_TARNAME "pa"
#define PACKAGE_VERSION "1.2.1"
#define PACKAGE_STRING "pa 1.2.1"
#define PACKAGE_BUGREPORT ""
#define PACKAGE_URL ""
#define HAVE_STDIO_H 1
#define HAVE_STDLIB_H 1
#define HAVE_STRING_H 1
#define HAVE_INTTYPES_H 1
#define HAVE_STDINT_H 1
#define HAVE_STRINGS_H 1
#define HAVE_SYS_STAT_H 1
#define HAVE_SYS_TYPES_H 1
#define HAVE_UNISTD_H 1
#define STDC_HEADERS 1
#define PACKAGE "pa"
#define VERSION "1.2.1"

configure: exit 
